[moodle-vhs.essen.de/pluginfile.php/200790/mod_resource/content/1/Terme und Gleichungen.pdf]
[backblue.gif]
[fade.gif]
[index.html]
[moodle-vhs.essen.de/pluginfile.php/1/core_admin/logocompact/300x300/1777277248/MoodleDoppellogoCompact.png]
[moodle-vhs.essen.de/pluginfile.php/198103/course/section/15011/calculator.png]
[moodle-vhs.essen.de/course/section91ac.html]
[moodle-vhs.essen.de/pluginfile.php/208682/mod_book/chapter/161090/terme bild erklärung - Google Suche.jpeg.png]
[moodle-vhs.essen.de/mod/book/view3b24.html]
[moodle-vhs.essen.de/pluginfile.php/208682/mod_book/chapter/161074/20230214_092603.jpg]
[moodle-vhs.essen.de/pluginfile.php/208682/mod_book/chapter/161074/20230214_094329.jpg]
[moodle-vhs.essen.de/pluginfile.php/208682/mod_book/chapter/161074/1 Terme zusammenfassen.JPG]
[moodle-vhs.essen.de/mod/book/view803a.html]
[moodle-vhs.essen.de/mod/book/view10d9.html]
[moodle-vhs.essen.de/mod/book/view0dd4.html]
[moodle-vhs.essen.de/pluginfile.php/208682/mod_book/chapter/161077/20230214_092603d667.jpg]
[moodle-vhs.essen.de/pluginfile.php/208682/mod_book/chapter/161077/20230214_094329452d.jpg]
[moodle-vhs.essen.de/mod/book/view4233.html]
[moodle-vhs.essen.de/mod/book/view9790.html]
[moodle-vhs.essen.de/mod/book/viewac2f.html]
[moodle-vhs.essen.de/pluginfile.php/208682/mod_book/chapter/161092/Terme Vorzeichen vor Klammer  Schulabschluss @ VHS Essen.jpeg.png]
[moodle-vhs.essen.de/mod/book/viewc4da.html]
[moodle-vhs.essen.de/pluginfile.php/208682/mod_book/chapter/161096/blobid4.png]
[moodle-vhs.essen.de/pluginfile.php/208682/mod_book/chapter/161096/blobid2.jpg]
[moodle-vhs.essen.de/pluginfile.php/208682/mod_book/chapter/161096/blobid0.png]
[moodle-vhs.essen.de/pluginfile.php/208682/mod_book/chapter/161096/blobid5.jpg]
[moodle-vhs.essen.de/pluginfile.php/208682/mod_book/chapter/161096/blobid6.png]
[moodle-vhs.essen.de/pluginfile.php/208682/mod_book/chapter/161096/blobid7.png]
[moodle-vhs.essen.de/mod/book/view4e19.html]
[moodle-vhs.essen.de/pluginfile.php/208682/mod_book/chapter/161366/httpswww.schullv.deresourcesPDFGleichungen20mit20Klammern20-20Funktionen20und20Gleichungen20-20Mathe20-20Digital.png]
[moodle-vhs.essen.de/mod/book/viewb6bf.html]
[moodle-vhs.essen.de/pluginfile.php/208682/mod_book/chapter/161093/Terme Faktor vor Klammer  Schulabschluss @ VHS Essen.jpeg.png]
[moodle-vhs.essen.de/mod/book/view02fb.html]
[moodle-vhs.essen.de/mod/book/view56e3.html]
[moodle-vhs.essen.de/mod/book/view5c82.html]
[moodle-vhs.essen.de/pluginfile.php/208682/mod_book/chapter/161075/20230222_101051.jpg]
[moodle-vhs.essen.de/pluginfile.php/208682/mod_book/chapter/161075/20230222_101139.jpg]
[moodle-vhs.essen.de/mod/book/view8992.html]
[moodle-vhs.essen.de/mod/book/view497e.html]
[moodle-vhs.essen.de/pluginfile.php/208682/mod_book/chapter/161083/20230308_092245.jpg]
[moodle-vhs.essen.de/pluginfile.php/208682/mod_book/chapter/161083/20230308_093943.jpg]
[moodle-vhs.essen.de/mod/book/view9247.html]
[moodle-vhs.essen.de/pluginfile.php/208682/mod_book/chapter/161076/5 Terme aufstellen.JPG]
[moodle-vhs.essen.de/mod/book/viewfd41.html]
[moodle-vhs.essen.de/mod/book/view6e97.html]
[moodle-vhs.essen.de/pluginfile.php/208682/mod_book/chapter/161089/20220922_110753.jpg]
[moodle-vhs.essen.de/pluginfile.php/208682/mod_book/chapter/161089/20220927_163900.jpg]
[moodle-vhs.essen.de/pluginfile.php/208682/mod_book/chapter/161089/20220927_182023.jpg]
[moodle-vhs.essen.de/pluginfile.php/208682/mod_book/chapter/161089/20220927_094230.jpg]
[moodle-vhs.essen.de/mod/book/viewbf8f.html]
[moodle-vhs.essen.de/mod/book/view234d.html]
[moodle-vhs.essen.de/mod/book/view8d65.html]
[moodle-vhs.essen.de/mod/book/view7411.html]
[moodle-vhs.essen.de/mod/book/view4831.html]
[moodle-vhs.essen.de/mod/book/viewdb0a.html]
[moodle-vhs.essen.de/mod/book/viewb292.html]
[moodle-vhs.essen.de/mod/book/view3df2.html]
[moodle-vhs.essen.de/mod/book/view9084.html]
[moodle-vhs.essen.de/mod/book/view9765.html]
[moodle-vhs.essen.de/pluginfile.php/208681/mod_book/chapter/161069/Terme und Gleichungen Übung einfache Umformungen  Schulabschluss @ VHS Essen.jpeg.png]
[moodle-vhs.essen.de/mod/book/view3192.html]
[moodle-vhs.essen.de/mod/book/view6cba.html]
[moodle-vhs.essen.de/pluginfile.php/208681/mod_book/chapter/161059/0.jpg]
[moodle-vhs.essen.de/pluginfile.php/208681/mod_book/chapter/161059/1.jpg]
[moodle-vhs.essen.de/mod/book/view6daf.html]
[moodle-vhs.essen.de/pluginfile.php/208681/mod_book/chapter/161063/gleichschenkliges Dreieck.jpg]
[moodle-vhs.essen.de/pluginfile.php/208681/mod_book/chapter/161063/Rechteck1.JPG]
[moodle-vhs.essen.de/mod/book/view1151.html]
[moodle-vhs.essen.de/pluginfile.php/208681/mod_book/chapter/161031/20241128_101718.jpg]
[moodle-vhs.essen.de/mod/book/viewa8c7.html]
[moodle-vhs.essen.de/pluginfile.php/208681/mod_book/chapter/161033/20241204_093647.jpg]
[moodle-vhs.essen.de/pluginfile.php/208681/mod_book/chapter/161033/20241204_100437.jpg]
[moodle-vhs.essen.de/mod/book/viewb189.html]
[moodle-vhs.essen.de/mod/book/view9ecf.html]
[moodle-vhs.essen.de/mod/book/viewd907.html]
[moodle-vhs.essen.de/mod/book/viewa553.html]
[moodle-vhs.essen.de/pluginfile.php/208681/mod_book/chapter/161042/20230418_091900.jpg]
[moodle-vhs.essen.de/pluginfile.php/208681/mod_book/chapter/161042/20230418_091851.jpg]
[moodle-vhs.essen.de/mod/book/viewd2dc.html]
[moodle-vhs.essen.de/mod/book/view7386.html]
[moodle-vhs.essen.de/mod/book/viewacf3.html]
[moodle-vhs.essen.de/mod/book/view300a.html]
[moodle-vhs.essen.de/theme/combob48b]
[moodle-vhs.essen.de/lib/javascript.php/1777277257/lib/polyfills/javascript.php]
[moodle-vhs.essen.de/theme/combob2dc]
[moodle-vhs.essen.de/lib/javascript.php/1777277257/lib/javascript.php]
[moodle-vhs.essen.de/course/recente755.html]
[moodle-vhs.essen.de/pluginfile.php/198103/format_grid/displayedsectionimage/15009/1/goi_paperback-stack.png]
[moodle-vhs.essen.de/pluginfile.php/198103/format_grid/displayedsectionimage/15010/1/goi_1_goi_learn English.jpg]
[moodle-vhs.essen.de/pluginfile.php/198103/format_grid/displayedsectionimage/15011/1/goi_calculator.png]
[moodle-vhs.essen.de/pluginfile.php/198103/format_grid/displayedsectionimage/15012/1/goi_TheresaKnott_respiratory_system.png]
[moodle-vhs.essen.de/pluginfile.php/198103/format_grid/displayedsectionimage/15013/1/goi_RomanEmporer.png]
[moodle-vhs.essen.de/pluginfile.php/198103/format_grid/displayedsectionimage/15022/1/goi_bankcard.png]
[moodle-vhs.essen.de/course/viewe755.html]
[moodle-vhs.essen.de/pluginfile.php/198103/course/section/15010/gooBall_Union_Flag_fluttering_in_breeze.png]
[moodle-vhs.essen.de/course/section97b5.html]
[moodle-vhs.essen.de/pluginfile.php/198103/course/section/15012/TheresaKnott_respiratory_system.png]
[moodle-vhs.essen.de/course/section26e4.html]
[moodle-vhs.essen.de/mod/book/viewe0c8.html]
[moodle-vhs.essen.de/mod/book/view6211.html]
[moodle-vhs.essen.de/pluginfile.php/200782/mod_book/chapter/149832/Einstieg.jpg]
[moodle-vhs.essen.de/mod/book/view13b6.html]
[moodle-vhs.essen.de/mod/book/view215b.html]
[moodle-vhs.essen.de/mod/book/view906d.html]
[moodle-vhs.essen.de/course/sectionad94.html]
[moodle-vhs.essen.de/pluginfile.php/198103/course/section/15009/paperback-stack.png]
[moodle-vhs.essen.de/course/section4d91.html]
[moodle-vhs.essen.de/pluginfile.php/198103/course/section/15013/RomanEmporer.png]
[moodle-vhs.essen.de/course/section906e.html]
[moodle-vhs.essen.de/pluginfile.php/198103/course/section/15022/bankcard.png]
[moodle-vhs.essen.de/course/section04a7.html]
[moodle-vhs.essen.de/course/section4893.html]
[moodle-vhs.essen.de/course/section5c16.html]
[moodle-vhs.essen.de/course/section62dc.html]
[moodle-vhs.essen.de/lib/javascript.php/1777277257/lib/requirejs/javascript.php]
[cdn.jsdelivr.net/npm/mathjax@2.7.9/MathJax9b39.js]
[moodle-vhs.essen.de/mod/book/tool/print/index3b24.html]
[moodle-vhs.essen.de/mod/book/tool/print/index1587.html]
[moodle-vhs.essen.de/mod/book/view1587.html]
[moodle-vhs.essen.de/mod/book/tool/print/index803a.html]
[moodle-vhs.essen.de/mod/book/tool/print/index10d9.html]
[moodle-vhs.essen.de/mod/book/tool/print/index0dd4.html]
[moodle-vhs.essen.de/mod/book/tool/print/index4233.html]
[moodle-vhs.essen.de/mod/book/tool/print/index9790.html]
[moodle-vhs.essen.de/mod/book/tool/print/indexac2f.html]
[moodle-vhs.essen.de/mod/book/tool/print/indexc4da.html]
[moodle-vhs.essen.de/mod/book/tool/print/index4e19.html]
[moodle-vhs.essen.de/mod/book/tool/print/indexb6bf.html]
[moodle-vhs.essen.de/mod/book/tool/print/index02fb.html]
[moodle-vhs.essen.de/mod/book/tool/print/index56e3.html]
[moodle-vhs.essen.de/mod/book/tool/print/index5c82.html]
[moodle-vhs.essen.de/mod/book/tool/print/index8992.html]
[moodle-vhs.essen.de/mod/book/tool/print/index497e.html]
[moodle-vhs.essen.de/mod/book/tool/print/index9247.html]
[moodle-vhs.essen.de/mod/book/tool/print/indexfd41.html]
[moodle-vhs.essen.de/mod/book/tool/print/index6e97.html]
[moodle-vhs.essen.de/mod/book/tool/print/indexbf8f.html]
[moodle-vhs.essen.de/mod/book/view0b83.html]
[moodle-vhs.essen.de/mod/book/tool/print/index234d.html]
[moodle-vhs.essen.de/mod/book/tool/print/index1f41.html]
[moodle-vhs.essen.de/mod/book/view1f41.html]
[moodle-vhs.essen.de/mod/book/tool/print/index8d65.html]
[moodle-vhs.essen.de/mod/book/tool/print/index7411.html]
[moodle-vhs.essen.de/mod/book/tool/print/index4831.html]
[moodle-vhs.essen.de/mod/book/tool/print/indexdb0a.html]
[moodle-vhs.essen.de/mod/book/tool/print/indexb292.html]
[moodle-vhs.essen.de/mod/book/tool/print/index3df2.html]
[moodle-vhs.essen.de/mod/book/tool/print/index9084.html]
[moodle-vhs.essen.de/mod/book/tool/print/index9765.html]
[moodle-vhs.essen.de/mod/book/tool/print/index3192.html]
[moodle-vhs.essen.de/mod/book/tool/print/index6cba.html]
[moodle-vhs.essen.de/mod/book/tool/print/index6daf.html]
[moodle-vhs.essen.de/mod/book/tool/print/index1151.html]
[moodle-vhs.essen.de/mod/book/tool/print/indexa8c7.html]
[moodle-vhs.essen.de/mod/book/tool/print/indexb189.html]
[moodle-vhs.essen.de/mod/book/tool/print/index9ecf.html]
[moodle-vhs.essen.de/mod/book/tool/print/indexd907.html]
[moodle-vhs.essen.de/mod/book/tool/print/indexa553.html]
[moodle-vhs.essen.de/mod/book/tool/print/indexd2dc.html]
[moodle-vhs.essen.de/mod/book/tool/print/index7386.html]
[moodle-vhs.essen.de/mod/book/tool/print/indexacf3.html]
[moodle-vhs.essen.de/mod/book/tool/print/index300a.html]
[moodle-vhs.essen.de/theme/yui_imagecb5c.html]
[moodle-vhs.essen.de/course/javascript-static.html]
[lh6.ggpht.com/_yBOOQg55rfg/SpuTwFoeDQI/AAAAAAAAGtQ/0Jp2CbWJN-4/s288/dscn0381.jpg]
[moodle-vhs.essen.de/pluginfile.php/1161/format_grid/displayedsectionimage/350/1/goi_Bildschirmfoto 2021-01-28 um 13.39.07.png]
[moodle-vhs.essen.de/pluginfile.php/1161/format_grid/displayedsectionimage/9646/1/goi_Bildschirmfoto 2021-01-28 um 13.41.34.png]
[moodle-vhs.essen.de/pluginfile.php/1161/format_grid/displayedsectionimage/9660/1/goi_bulletin-board-3233653_640.jpg]
[moodle-vhs.essen.de/course/view3ca5.html]
[moodle-vhs.essen.de/mod/book/viewd12d.html]
[moodle-vhs.essen.de/pluginfile.php/207143/mod_book/chapter/160675/Bewegung.png]
[moodle-vhs.essen.de/mod/book/view33b8.html]
[moodle-vhs.essen.de/mod/book/view5ad1.html]
[moodle-vhs.essen.de/mod/book/view5ac9.html]
[moodle-vhs.essen.de/mod/book/viewfe11.html]
[moodle-vhs.essen.de/mod/book/view98f0.html]
[moodle-vhs.essen.de/pluginfile.php/200779/mod_book/chapter/149774/5.JPG]
[moodle-vhs.essen.de/pluginfile.php/200779/mod_book/chapter/149774/7.JPG]
[moodle-vhs.essen.de/pluginfile.php/200779/mod_book/chapter/149774/8.JPG]
[moodle-vhs.essen.de/pluginfile.php/200779/mod_book/chapter/149774/9.JPG]
[moodle-vhs.essen.de/mod/book/view74e8.html]
[moodle-vhs.essen.de/pluginfile.php/200779/mod_book/chapter/149775/TA Leiter.JPG]
[moodle-vhs.essen.de/pluginfile.php/200779/mod_book/chapter/149775/TA Drachen.JPG]
[moodle-vhs.essen.de/pluginfile.php/200779/mod_book/chapter/149775/TA Regal.JPG]
[moodle-vhs.essen.de/pluginfile.php/200779/mod_book/chapter/149775/TA Baum.JPG]
[moodle-vhs.essen.de/pluginfile.php/200779/mod_book/chapter/149775/TA Giebel.JPG]
[moodle-vhs.essen.de/pluginfile.php/200779/mod_book/chapter/149775/TA Weg.JPG]
[moodle-vhs.essen.de/mod/book/view19ca.html]
[moodle-vhs.essen.de/pluginfile.php/200779/mod_book/chapter/149786/WWM-SdPecf2.jpg]
[moodle-vhs.essen.de/mod/book/view58ee.html]
[moodle-vhs.essen.de/pluginfile.php/200779/mod_book/chapter/149786/Pythagoras29a6.jpg]
[moodle-vhs.essen.de/mod/book/view4e12.html]
[moodle-vhs.essen.de/mod/book/viewc844.html]
[moodle-vhs.essen.de/mod/book/viewecfe.html]
[moodle-vhs.essen.de/mod/book/tool/print/indexe0c8.html]
[moodle-vhs.essen.de/mod/book/tool/print/indexa6fd.html]
[moodle-vhs.essen.de/mod/book/viewbcd2.html]
[moodle-vhs.essen.de/mod/book/viewffcf.html]
[moodle-vhs.essen.de/pluginfile.php/200780/mod_book/chapter/149812/Würfel 1.png]
[moodle-vhs.essen.de/mod/book/view00e5.html]
[moodle-vhs.essen.de/mod/book/view3bfe.html]
[moodle-vhs.essen.de/mod/book/view67bb.html]
[moodle-vhs.essen.de/pluginfile.php/200780/mod_book/chapter/149789/Quader.JPG]
[moodle-vhs.essen.de/mod/book/view58ac.html]
[moodle-vhs.essen.de/pluginfile.php/200780/mod_book/chapter/149799/Quader - Papierkorb.JPG]
[moodle-vhs.essen.de/mod/book/viewa193.html]
[moodle-vhs.essen.de/pluginfile.php/200780/mod_book/chapter/149803/Quader - Papierkorb Skizze.jpg]
[moodle-vhs.essen.de/mod/book/viewed3a.html]
[moodle-vhs.essen.de/pluginfile.php/200780/mod_book/chapter/149790/20230509_102637.jpg]
[moodle-vhs.essen.de/mod/book/view0969.html]
[moodle-vhs.essen.de/pluginfile.php/200780/mod_book/chapter/149790/Zylinder.JPG]
[moodle-vhs.essen.de/pluginfile.php/200780/mod_book/chapter/149801/Dichte.JPG]
[moodle-vhs.essen.de/pluginfile.php/200780/mod_book/chapter/149801/Litfaßsäule.JPG]
[moodle-vhs.essen.de/mod/book/viewa92e.html]
[moodle-vhs.essen.de/mod/book/view5831.html]
[moodle-vhs.essen.de/mod/book/viewe0a8.html]
[moodle-vhs.essen.de/mod/book/view703e.html]
[moodle-vhs.essen.de/mod/book/view907f.html]
[moodle-vhs.essen.de/mod/book/view7d5f.html]
[moodle-vhs.essen.de/mod/book/view0631.html]
[moodle-vhs.essen.de/pluginfile.php/200780/mod_book/chapter/162218/Bild 19.06.26 um 12.12.png]
[moodle-vhs.essen.de/mod/book/viewc476.html]
[moodle-vhs.essen.de/pluginfile.php/200780/mod_book/chapter/162219/Bild 19.06.26 um 12.11.png]
[moodle-vhs.essen.de/mod/book/viewe0f7.html]
[moodle-vhs.essen.de/pluginfile.php/200780/mod_book/chapter/162220/Bild 19.06.26 um 12.08.png]
[moodle-vhs.essen.de/mod/book/viewbebc.html]
[moodle-vhs.essen.de/pluginfile.php/200780/mod_book/chapter/162221/httpsmoodle-vhs.essen.depluginfile.php164431mod_bookchapter108230PROBEPRÜFUNG-Mathematik-ESA.pdf 3.png]
[moodle-vhs.essen.de/mod/book/view640a.html]
[moodle-vhs.essen.de/pluginfile.php/200780/mod_book/chapter/162222/httpsmoodle-vhs.essen.depluginfile.php164431mod_bookchapter108230PROBEPRÜFUNG-Mathematik-ESA.pdf 2.png]
[moodle-vhs.essen.de/mod/book/viewa835.html]
[moodle-vhs.essen.de/pluginfile.php/200780/mod_book/chapter/162223/httpsmoodle-vhs.essen.depluginfile.php164431mod_bookchapter108230PROBEPRÜFUNG-Mathematik-ESA.pdf.png]
[moodle-vhs.essen.de/mod/book/view006f.html]
[moodle-vhs.essen.de/mod/book/tool/print/index6211.html]
[moodle-vhs.essen.de/mod/book/tool/print/index37f4.html]
[moodle-vhs.essen.de/mod/book/view622d.html]
[moodle-vhs.essen.de/pluginfile.php/200782/mod_book/chapter/149841/Strecke Gerade.jpg]
[moodle-vhs.essen.de/mod/book/view5c4c.html]
[moodle-vhs.essen.de/pluginfile.php/200782/mod_book/chapter/149842/Lage von Geraden.jpg]
[moodle-vhs.essen.de/pluginfile.php/200782/mod_book/chapter/149842/Anleitung Senkrechte.jpg]
[moodle-vhs.essen.de/pluginfile.php/200782/mod_book/chapter/149842/Aufgabe senkrecht.jpg]
[moodle-vhs.essen.de/pluginfile.php/200782/mod_book/chapter/149842/Anleitung Parallele.jpg]
[moodle-vhs.essen.de/pluginfile.php/200782/mod_book/chapter/149842/Aufgabe parallel.jpg]
[moodle-vhs.essen.de/mod/book/viewc3c6.html]
[moodle-vhs.essen.de/pluginfile.php/200782/mod_book/chapter/149845/700px-Merkkasten_Entfernung_und_Abstand.jpg]
[moodle-vhs.essen.de/mod/book/view7a46.html]
[moodle-vhs.essen.de/pluginfile.php/200782/mod_book/chapter/149843/grafik.png]
[moodle-vhs.essen.de/pluginfile.php/200782/mod_book/chapter/149843/Area.svg.png]
[moodle-vhs.essen.de/mod/book/view5d10.html]
[moodle-vhs.essen.de/pluginfile.php/200782/mod_book/chapter/149831/Längenmaße Treppe.jpg]
[moodle-vhs.essen.de/pluginfile.php/200782/mod_book/chapter/149831/Längeneinheiten Übung.jpg]
[moodle-vhs.essen.de/pluginfile.php/200782/mod_book/chapter/149831/Längeneinheiten Lösung.jpg]
[moodle-vhs.essen.de/mod/book/view0422.html]
[moodle-vhs.essen.de/pluginfile.php/200782/mod_book/chapter/149833/Flächenmaße Treppe.jpg]
[moodle-vhs.essen.de/pluginfile.php/200782/mod_book/chapter/149833/Flächeneinheiten Übung.jpg]
[moodle-vhs.essen.de/pluginfile.php/200782/mod_book/chapter/149833/Flächeneinheiten Lösung.jpg]
[moodle-vhs.essen.de/mod/book/view92ea.html]
[moodle-vhs.essen.de/mod/book/view9605.html]
[moodle-vhs.essen.de/mod/book/view0256.html]
[moodle-vhs.essen.de/pluginfile.php/200782/mod_book/chapter/149834/Quadrat.jpg]
[moodle-vhs.essen.de/pluginfile.php/200782/mod_book/chapter/149834/Rechteck.jpg]
[moodle-vhs.essen.de/pluginfile.php/200782/mod_book/chapter/149834/Quadrat Rechteck.jpg]
[moodle-vhs.essen.de/mod/book/view08ff.html]
[moodle-vhs.essen.de/pluginfile.php/200782/mod_book/chapter/149825/Quadrat 1.JPG]
[moodle-vhs.essen.de/pluginfile.php/200782/mod_book/chapter/149825/Quadrat 2.JPG]
[moodle-vhs.essen.de/pluginfile.php/200782/mod_book/chapter/149825/Quadrat 3.JPG]
[moodle-vhs.essen.de/pluginfile.php/200782/mod_book/chapter/149825/Rechteck 1.JPG]
[moodle-vhs.essen.de/pluginfile.php/200782/mod_book/chapter/149825/Rechteck 2.JPG]
[moodle-vhs.essen.de/pluginfile.php/200782/mod_book/chapter/149825/Rechteck 3.JPG]
[moodle-vhs.essen.de/pluginfile.php/200782/mod_book/chapter/149825/Rechteck Kniffelaufgabe.JPG]
[moodle-vhs.essen.de/pluginfile.php/200782/mod_book/chapter/149825/Quadrat Kniffelaufgabe..JPG]
[moodle-vhs.essen.de/mod/book/view78ab.html]
[moodle-vhs.essen.de/pluginfile.php/200782/mod_book/chapter/149836/Parallelogramm.jpg]
[moodle-vhs.essen.de/mod/book/viewa5c2.html]
[moodle-vhs.essen.de/pluginfile.php/200782/mod_book/chapter/149827/Parallelogramm 1.JPG]
[moodle-vhs.essen.de/pluginfile.php/200782/mod_book/chapter/149827/Parallelogramm 2.JPG]
[moodle-vhs.essen.de/pluginfile.php/200782/mod_book/chapter/149827/Parallelogramm 3.JPG]
[moodle-vhs.essen.de/mod/book/viewcade.html]
[moodle-vhs.essen.de/pluginfile.php/200782/mod_book/chapter/149837/Trapez.jpg]
[moodle-vhs.essen.de/mod/book/viewaf3c.html]
[moodle-vhs.essen.de/pluginfile.php/200782/mod_book/chapter/149829/Trapez 1.JPG]
[moodle-vhs.essen.de/pluginfile.php/200782/mod_book/chapter/149829/Trapez 2.JPG]
[moodle-vhs.essen.de/pluginfile.php/200782/mod_book/chapter/149829/Trapez 3.JPG]
[moodle-vhs.essen.de/mod/book/view38f3.html]
[moodle-vhs.essen.de/pluginfile.php/200782/mod_book/chapter/149838/Formeln.jpg]
[moodle-vhs.essen.de/mod/book/view0be0.html]
[moodle-vhs.essen.de/pluginfile.php/200782/mod_book/chapter/149826/Dreiecke 1.jpg]
[moodle-vhs.essen.de/pluginfile.php/200782/mod_book/chapter/149826/Dreiecke 2.JPG]
[moodle-vhs.essen.de/pluginfile.php/200782/mod_book/chapter/149826/Dreiecke rechtwinklig.jpg]
[moodle-vhs.essen.de/pluginfile.php/200782/mod_book/chapter/149826/Dreiecke 4.JPG]
[moodle-vhs.essen.de/mod/book/view4171.html]
[moodle-vhs.essen.de/pluginfile.php/200782/mod_book/chapter/149839/image.png]
[moodle-vhs.essen.de/pluginfile.php/200782/mod_book/chapter/149839/Formeln.jpg]
[moodle-vhs.essen.de/mod/book/viewfb5a.html]
[moodle-vhs.essen.de/pluginfile.php/200782/mod_book/chapter/149828/Kreis 1.JPG]
[moodle-vhs.essen.de/pluginfile.php/200782/mod_book/chapter/149828/Kreis 2.JPG]
[moodle-vhs.essen.de/pluginfile.php/200782/mod_book/chapter/149828/Kreis 3.JPG]
[moodle-vhs.essen.de/pluginfile.php/200782/mod_book/chapter/149828/Kreis 4.JPG]
[moodle-vhs.essen.de/pluginfile.php/200782/mod_book/chapter/149828/Kreis 5.JPG]
[moodle-vhs.essen.de/pluginfile.php/200782/mod_book/chapter/149828/Kreis 6.JPG]
[moodle-vhs.essen.de/mod/book/view9803.html]
[moodle-vhs.essen.de/mod/book/view1ab9.html]
[moodle-vhs.essen.de/pluginfile.php/200782/mod_book/chapter/149847/image.png]
[moodle-vhs.essen.de/pluginfile.php/200782/mod_book/chapter/149847/Musterlösung Flächeninhalt Ring.jpg]
[moodle-vhs.essen.de/mod/book/viewa5d1.html]
[moodle-vhs.essen.de/mod/book/view93fe.html]
[moodle-vhs.essen.de/mod/book/tool/print/index13b6.html]
[moodle-vhs.essen.de/mod/book/tool/print/index066e.html]
[moodle-vhs.essen.de/pluginfile.php/200785/mod_book/chapter/149939/Übung 1.jpg]
[moodle-vhs.essen.de/pluginfile.php/200785/mod_book/chapter/149939/Lösung 1.jpg]
[moodle-vhs.essen.de/mod/book/viewad9e.html]
[moodle-vhs.essen.de/pluginfile.php/200785/mod_book/chapter/149940/Übung 2.jpg]
[moodle-vhs.essen.de/pluginfile.php/200785/mod_book/chapter/149940/Lösung 2.jpg]
[moodle-vhs.essen.de/mod/book/view76a1.html]
[moodle-vhs.essen.de/pluginfile.php/200785/mod_book/chapter/149941/Übung 3.jpg]
[moodle-vhs.essen.de/pluginfile.php/200785/mod_book/chapter/149941/Lösung S123.jpg]
[moodle-vhs.essen.de/mod/book/viewc4ea.html]
[moodle-vhs.essen.de/mod/book/view50d2.html]
[moodle-vhs.essen.de/pluginfile.php/200785/mod_book/chapter/149944/Prozentrechnen_Prozentwert_Übung2.jpg]
[moodle-vhs.essen.de/pluginfile.php/200785/mod_book/chapter/149944/Prozentrechnen_Prozentwert_Übung2_Lösung.jpg]
[moodle-vhs.essen.de/mod/book/viewccd0.html]
[moodle-vhs.essen.de/mod/book/viewe732.html]
[moodle-vhs.essen.de/pluginfile.php/200785/mod_book/chapter/149946/Prozentrechnen_Prozentsatz Übung2.jpg]
[moodle-vhs.essen.de/pluginfile.php/200785/mod_book/chapter/149946/Prozentrechnen_Prozentsatz Übung2_Lösung.jpg]
[moodle-vhs.essen.de/mod/book/view405e.html]
[moodle-vhs.essen.de/mod/book/view59ee.html]
[moodle-vhs.essen.de/pluginfile.php/200785/mod_book/chapter/149948/Übung Grundwert2.jpg]
[moodle-vhs.essen.de/pluginfile.php/200785/mod_book/chapter/149948/Übung Grundwert2_Lösung.jpg]
[moodle-vhs.essen.de/mod/book/viewa790.html]
[moodle-vhs.essen.de/pluginfile.php/200785/mod_book/chapter/149942/Prozentrechnen_vermischteAufgaben_Ü.jpg]
[moodle-vhs.essen.de/pluginfile.php/200785/mod_book/chapter/149942/Prozentrechnen_vermischteAufgaben_L.jpg]
[moodle-vhs.essen.de/mod/book/view2ab2.html]
[moodle-vhs.essen.de/mod/book/view74e3.html]
[moodle-vhs.essen.de/pluginfile.php/200785/mod_book/chapter/149949/Prozentrechnen_Grundwert vermehren_Ü.jpg]
[moodle-vhs.essen.de/pluginfile.php/200785/mod_book/chapter/149949/Prozentrechnen_Grundwert vermehren_L.jpg]
[moodle-vhs.essen.de/mod/book/view7d0d.html]
[moodle-vhs.essen.de/pluginfile.php/200785/mod_book/chapter/149950/Prozentrechnen_Grundwert vermindern_Ü.jpg]
[moodle-vhs.essen.de/pluginfile.php/200785/mod_book/chapter/149950/Prozentrechnen_Grundwert vermindern_L.jpg]
[moodle-vhs.essen.de/mod/book/viewad02.html]
[moodle-vhs.essen.de/pluginfile.php/200785/mod_book/chapter/149951/Prozentrechnen_Grundwert aus vermehrtem_vermindertem Grundwert berechnen_Ü.jpg]
[moodle-vhs.essen.de/pluginfile.php/200785/mod_book/chapter/149951/Prozentrechnen_Grundwert aus vermehrtem_vermindertem Grundwert berechnen_L.jpg]
[moodle-vhs.essen.de/mod/book/view1149.html]
[moodle-vhs.essen.de/pluginfile.php/200785/mod_book/chapter/149952/Prozentrechnen_Abschlussaufgaben_Übung.jpg]
[moodle-vhs.essen.de/pluginfile.php/200785/mod_book/chapter/149952/Prozentrechnen_Abschlussaufgaben_Übung_Lösung.jpg]
[moodle-vhs.essen.de/mod/book/view4c08.html]
[moodle-vhs.essen.de/pluginfile.php/200785/mod_book/chapter/149938/Grundlagen der Zinsrechnung.jpg]
[moodle-vhs.essen.de/mod/book/view6e18.html]
[moodle-vhs.essen.de/pluginfile.php/200785/mod_book/chapter/149961/Zinsen berechnenf78e.jpg]
[moodle-vhs.essen.de/pluginfile.php/200785/mod_book/chapter/149961/Zinsen berechnen_Lösung.jpg]
[moodle-vhs.essen.de/mod/book/view61cd.html]
[moodle-vhs.essen.de/pluginfile.php/200785/mod_book/chapter/149962/Zinssatz und Kapital berechnen.jpg]
[moodle-vhs.essen.de/pluginfile.php/200785/mod_book/chapter/149962/Zinssatz und Kapital berechnen_Lösungen.jpg]
[moodle-vhs.essen.de/mod/book/view05e5.html]
[moodle-vhs.essen.de/pluginfile.php/200785/mod_book/chapter/149963/Zuordnungen und Prozent_002.jpg]
[moodle-vhs.essen.de/pluginfile.php/200785/mod_book/chapter/149963/Zuordnungen und Prozent_003.jpg]
[moodle-vhs.essen.de/mod/book/view2ec4.html]
[moodle-vhs.essen.de/mod/book/tool/print/index215b.html]
[moodle-vhs.essen.de/mod/book/tool/print/index16aa.html]
[moodle-vhs.essen.de/pluginfile.php/200785/mod_book/chapter/149963/Zuordnungen und Prozent_004.jpg]
[moodle-vhs.essen.de/mod/book/viewcf79.html]
[moodle-vhs.essen.de/mod/book/view838e.html]
[moodle-vhs.essen.de/mod/book/viewa38c.html]
[moodle-vhs.essen.de/mod/book/view6935.html]
[moodle-vhs.essen.de/mod/book/viewfb7c.html]
[moodle-vhs.essen.de/mod/book/viewbde8.html]
[moodle-vhs.essen.de/mod/book/viewd767.html]
[moodle-vhs.essen.de/pluginfile.php/200786/mod_book/chapter/149997/20240313_223839.jpg]
[moodle-vhs.essen.de/mod/book/viewfa5a.html]
[moodle-vhs.essen.de/pluginfile.php/200786/mod_book/chapter/149998/20240313_223907.jpg]
[moodle-vhs.essen.de/mod/book/view3fbd.html]
[moodle-vhs.essen.de/mod/book/view7e4e.html]
[moodle-vhs.essen.de/pluginfile.php/200786/mod_book/chapter/149992/Übungen_antiproportionale Zuordnungen.jpg]
[moodle-vhs.essen.de/pluginfile.php/200786/mod_book/chapter/149992/Übungen_antiproportionale Zuordnungen_Lösungen.jpg]
[moodle-vhs.essen.de/mod/book/view93e5.html]
[moodle-vhs.essen.de/pluginfile.php/200786/mod_book/chapter/149999/20240313_224014.jpg]
[moodle-vhs.essen.de/mod/book/view7b1b.html]
[moodle-vhs.essen.de/pluginfile.php/200786/mod_book/chapter/149993/Übungen_antiproportionaler Dreisatz 1.jpg]
[moodle-vhs.essen.de/pluginfile.php/200786/mod_book/chapter/149993/Übungen_antiproportionaler Dreisatz 1_Lösungen.jpg]
[moodle-vhs.essen.de/mod/book/view0f13.html]
[moodle-vhs.essen.de/pluginfile.php/200786/mod_book/chapter/149994/Übungen_antiproportionaler Dreisatz 2.jpg]
[moodle-vhs.essen.de/pluginfile.php/200786/mod_book/chapter/149994/Übungen_antiproportionaler Dreisatz 2_Lösungen.jpg]
[moodle-vhs.essen.de/mod/book/viewbb68.html]
[moodle-vhs.essen.de/pluginfile.php/200786/mod_book/chapter/149995/Übungen_antiproportionaler Dreisatz 3.jpg]
[moodle-vhs.essen.de/pluginfile.php/200786/mod_book/chapter/149995/Übungen_antiproportionaler Dreisatz 3_Lösungen.jpg]
[moodle-vhs.essen.de/mod/book/view17f2.html]
[moodle-vhs.essen.de/mod/book/view181f.html]
[moodle-vhs.essen.de/mod/book/view475f.html]
[moodle-vhs.essen.de/pluginfile.php/200786/mod_book/chapter/149974/WWM - Antiproportionaler DS.JPG]
[moodle-vhs.essen.de/mod/book/view77b4.html]
[moodle-vhs.essen.de/pluginfile.php/200786/mod_book/chapter/149973/20240228_094729.jpg]
[moodle-vhs.essen.de/mod/book/view8a64.html]
[moodle-vhs.essen.de/pluginfile.php/200786/mod_book/chapter/150000/Tafelbild_Vergleich proportionaler und antiproportionaler Dreisatz.jpg]
[moodle-vhs.essen.de/mod/book/view0c4a.html]
[moodle-vhs.essen.de/mod/book/viewccb6.html]
[moodle-vhs.essen.de/mod/book/viewa255.html]
[moodle-vhs.essen.de/mod/book/viewe7fe.html]
[moodle-vhs.essen.de/mod/book/viewaa24.html]
[moodle-vhs.essen.de/pluginfile.php/200786/mod_book/chapter/149996/Übungen_antiproportional oder proportional_.jpg]
[moodle-vhs.essen.de/pluginfile.php/200786/mod_book/chapter/149996/Übungen_antiproportional oder proportional__Lösung.jpg]
[moodle-vhs.essen.de/mod/book/viewe7ae.html]
[moodle-vhs.essen.de/mod/book/viewc541.html]
[moodle-vhs.essen.de/mod/book/viewa12e.html]
[moodle-vhs.essen.de/mod/book/viewfc2a.html]
[moodle-vhs.essen.de/mod/book/viewfaa8.html]
[moodle-vhs.essen.de/pluginfile.php/200786/mod_book/chapter/150008/Mischungsrechnen Preise.jpg]
[moodle-vhs.essen.de/mod/book/viewe3b1.html]
[moodle-vhs.essen.de/mod/book/view02ed.html]
[moodle-vhs.essen.de/mod/book/view7b9a.html]
[moodle-vhs.essen.de/pluginfile.php/200786/mod_book/chapter/150001/Mischungsrechnen Übung 1.jpg]
[moodle-vhs.essen.de/pluginfile.php/200786/mod_book/chapter/150001/Mischungsrechnen Lösung 1.jpg]
[moodle-vhs.essen.de/mod/book/view70c2.html]
[moodle-vhs.essen.de/mod/book/viewf528.html]
[moodle-vhs.essen.de/mod/book/view50f1.html]
[moodle-vhs.essen.de/mod/book/view5d50.html]
[moodle-vhs.essen.de/pluginfile.php/200786/mod_book/chapter/150007/gemischte Aufgaben Dreisatz alles.jpg]
[moodle-vhs.essen.de/pluginfile.php/200786/mod_book/chapter/150007/gemischte Übungen Dreisatz alles 205b0.jpg]
[moodle-vhs.essen.de/pluginfile.php/200786/mod_book/chapter/150007/Lösungen Dreisatz alles.jpg]
[moodle-vhs.essen.de/mod/book/view3eaf.html]
[moodle-vhs.essen.de/pluginfile.php/200786/mod_book/chapter/149969/Währung.JPG]
[moodle-vhs.essen.de/mod/book/view1d44.html]
[moodle-vhs.essen.de/pluginfile.php/200786/mod_book/chapter/149977/20220928_103022.jpg]
[moodle-vhs.essen.de/pluginfile.php/200786/mod_book/chapter/149977/20220928_094858.jpg]
[moodle-vhs.essen.de/mod/book/viewb14c.html]
[moodle-vhs.essen.de/mod/book/tool/print/index906d.html]
[moodle-vhs.essen.de/mod/book/tool/print/index54a7.html]
[moodle-vhs.essen.de/course/view8b8a.html]
[moodle-vhs.essen.de/mod/book/view42cc.html]
[moodle-vhs.essen.de/mod/book/view6886.html]
[moodle-vhs.essen.de/mod/book/view22f3.html]
[moodle-vhs.essen.de/mod/book/view686b.html]
[moodle-vhs.essen.de/pluginfile.php/200504/mod_book/chapter/149585/privater_geschaeftsbrief_din.png]
[moodle-vhs.essen.de/pluginfile.php/200504/mod_book/chapter/149585/Datum 2.PNG]
[moodle-vhs.essen.de/mod/book/view2c77.html]
[moodle-vhs.essen.de/pluginfile.php/200515/mod_book/chapter/149610/Deutsch Foto.jpg]
[moodle-vhs.essen.de/mod/book/viewe09b.html]
[moodle-vhs.essen.de/pluginfile.php/203537/mod_book/chapter/155028/imagesJCSX1736.png]
[moodle-vhs.essen.de/pluginfile.php/203537/mod_book/chapter/155028/images415ARN20.jpg]
[moodle-vhs.essen.de/mod/book/viewa83b.html]
[moodle-vhs.essen.de/pluginfile.php/203593/mod_book/chapter/155234/Bildschirmfoto 2018-12-11 um 19.05.39 (1).png]
[moodle-vhs.essen.de/mod/book/viewe9d2.html]
[moodle-vhs.essen.de/course/[MathJax]/extensions/MathEvents.html]
[moodle-vhs.essen.de/course/fast-preview.html]
[moodle-vhs.essen.de/course/AssistiveMML.html]
[moodle-vhs.essen.de/course/[MathJax]/extensions/MathMenu.html]
[moodle-vhs.essen.de/course/[MathJax]/extensions/MathZoom.html]
[moodle-vhs.essen.de/course/config.html]
[moodle-vhs.essen.de/mod/book/tool/print/print.css]
[moodle-vhs.essen.de/mod/book/tool/print/index0b83.html]
[moodle-vhs.essen.de/course/recent3ca5.html]
[moodle-vhs.essen.de/course/section75aa.html]
[moodle-vhs.essen.de/course/section7a5b.html]
[moodle-vhs.essen.de/pluginfile.php/1161/course/section/9646/global english.PNG]
[moodle-vhs.essen.de/course/sectionaf19.html]
[moodle-vhs.essen.de/course/section51b7.html]
[moodle-vhs.essen.de/course/section41c5.html]
[moodle-vhs.essen.de/course/section7632.html]
[moodle-vhs.essen.de/pluginfile.php/1161/course/section/9660/bulletin-board-3233653_640.jpg]
[moodle-vhs.essen.de/course/sectioneea7.html]
[moodle-vhs.essen.de/pluginfile.php/207187/mod_book/chapter/160697/Reiz-Raktions-Schema.png]
[moodle-vhs.essen.de/pluginfile.php/207187/mod_book/chapter/160697/ReizReaktinsSchema.jpg]
[moodle-vhs.essen.de/mod/book/viewdfec.html]
[moodle-vhs.essen.de/mod/book/viewbff8.html]
[moodle-vhs.essen.de/pluginfile.php/207187/mod_book/chapter/160707/äußerer Bau Auge (1).jpg]
[moodle-vhs.essen.de/pluginfile.php/207187/mod_book/chapter/160707/Funktion äußerer Bau.jpg]
[moodle-vhs.essen.de/mod/book/view130e.html]
[moodle-vhs.essen.de/pluginfile.php/207187/mod_book/chapter/160693/Aufbau Auge.png]
[moodle-vhs.essen.de/pluginfile.php/207187/mod_book/chapter/160693/Funktion Auge Lösung.jpg]
[moodle-vhs.essen.de/mod/book/viewb5e5.html]
[moodle-vhs.essen.de/pluginfile.php/207187/mod_book/chapter/160719/Aufbau Auge mal 2.jpg]
[moodle-vhs.essen.de/mod/book/view7bad.html]
[moodle-vhs.essen.de/pluginfile.php/207187/mod_book/chapter/160720/Scan2024-11-27_232522_001.jpg]
[moodle-vhs.essen.de/mod/book/viewc20a.html]
[moodle-vhs.essen.de/pluginfile.php/207187/mod_book/chapter/160709/Aufbau Netzhaut.jpg]
[moodle-vhs.essen.de/mod/book/view0d81.html]
[moodle-vhs.essen.de/pluginfile.php/207187/mod_book/chapter/160722/grafik.png]
[moodle-vhs.essen.de/pluginfile.php/207187/mod_book/chapter/160722/grafik (1).png]
[moodle-vhs.essen.de/mod/book/view2259.html]
[moodle-vhs.essen.de/mod/book/view7ed0.html]
[moodle-vhs.essen.de/mod/book/tool/print/indexd12d.html]
[moodle-vhs.essen.de/mod/book/tool/print/index9c85.html]
[moodle-vhs.essen.de/mod/book/view50a3.html]
[moodle-vhs.essen.de/pluginfile.php/207143/mod_book/chapter/160666/Skelett.png]
[moodle-vhs.essen.de/mod/book/viewa7d2.html]
[moodle-vhs.essen.de/pluginfile.php/207143/mod_book/chapter/160667/Handstand Überschlag.png]
[moodle-vhs.essen.de/pluginfile.php/207143/mod_book/chapter/160667/Wirbelsäule.png]
[moodle-vhs.essen.de/mod/book/view3e2a.html]
[moodle-vhs.essen.de/pluginfile.php/207143/mod_book/chapter/160668/Aufbau Gelenk.jpg]
[moodle-vhs.essen.de/pluginfile.php/207143/mod_book/chapter/160668/Kugelgelenk.png]
[moodle-vhs.essen.de/pluginfile.php/207143/mod_book/chapter/160668/Scharniergelenk.png]
[moodle-vhs.essen.de/pluginfile.php/207143/mod_book/chapter/160668/Drehgelenk8175.png]
[moodle-vhs.essen.de/pluginfile.php/207143/mod_book/chapter/160668/Sattelgelenkbb1e.png]
[moodle-vhs.essen.de/mod/book/viewcdf5.html]
[moodle-vhs.essen.de/pluginfile.php/207143/mod_book/chapter/160669/Strecker und Beuger.jpg]
[moodle-vhs.essen.de/mod/book/viewad9f.html]
[moodle-vhs.essen.de/mod/book/viewec36.html]
[moodle-vhs.essen.de/pluginfile.php/207143/mod_book/chapter/160678/Bauchatmung.jpg]
[moodle-vhs.essen.de/pluginfile.php/207143/mod_book/chapter/160678/Brustatmung.jpg]
[moodle-vhs.essen.de/mod/book/view741a.html]
[moodle-vhs.essen.de/pluginfile.php/207143/mod_book/chapter/160677/Aufbau Lunge + Gasaustausch.jpg]
[moodle-vhs.essen.de/mod/book/viewc9d9.html]
[moodle-vhs.essen.de/pluginfile.php/207143/mod_book/chapter/160679/Zusammensetzung Blut.jpg]
[moodle-vhs.essen.de/pluginfile.php/207143/mod_book/chapter/160679/Blutzellen einfach.jpg]
[moodle-vhs.essen.de/mod/book/view8785.html]
[moodle-vhs.essen.de/pluginfile.php/207143/mod_book/chapter/160680/Wundheilung.jpg]
[moodle-vhs.essen.de/mod/book/view05c2.html]
[moodle-vhs.essen.de/pluginfile.php/207143/mod_book/chapter/161419/grafik.png]
[moodle-vhs.essen.de/mod/book/viewddaf.html]
[moodle-vhs.essen.de/pluginfile.php/207143/mod_book/chapter/161420/grafik.png]
[moodle-vhs.essen.de/mod/book/viewf9a5.html]
[moodle-vhs.essen.de/pluginfile.php/207143/mod_book/chapter/160681/Blutkreislauf.jpg]
[moodle-vhs.essen.de/mod/book/viewf8bb.html]
[moodle-vhs.essen.de/pluginfile.php/207143/mod_book/chapter/160682/Aufbau Herz.jpg]
[moodle-vhs.essen.de/pluginfile.php/207143/mod_book/chapter/160682/Herzzyklus.jpg]
[moodle-vhs.essen.de/mod/book/viewdb7d.html]
[moodle-vhs.essen.de/pluginfile.php/207143/mod_book/chapter/161421/grafik.png]
[moodle-vhs.essen.de/pluginfile.php/207143/mod_book/chapter/161421/grafik (1).png]
[moodle-vhs.essen.de/mod/book/view8c1f.html]
[moodle-vhs.essen.de/pluginfile.php/207143/mod_book/chapter/161422/grafik.png]
[moodle-vhs.essen.de/mod/book/view9775.html]
[moodle-vhs.essen.de/pluginfile.php/207143/mod_book/chapter/161422/grafik (1).png]
[moodle-vhs.essen.de/pluginfile.php/207143/mod_book/chapter/160684/Blutkreislauf.jpg]
[moodle-vhs.essen.de/mod/book/view6411.html]
[moodle-vhs.essen.de/mod/book/tool/print/index33b8.html]
[moodle-vhs.essen.de/mod/book/tool/print/indexdd52.html]
[moodle-vhs.essen.de/pluginfile.php/207142/mod_book/chapter/160654/Bestandteile der Nahrung.jpg]
[moodle-vhs.essen.de/mod/book/view1300.html]
[moodle-vhs.essen.de/pluginfile.php/207142/mod_book/chapter/160659/Kohlenhydrate.jpg]
[moodle-vhs.essen.de/pluginfile.php/207142/mod_book/chapter/160659/Blutzuckerspiegel.jpg]
[moodle-vhs.essen.de/pluginfile.php/207142/mod_book/chapter/160659/Fette.jpg]
[moodle-vhs.essen.de/pluginfile.php/207142/mod_book/chapter/160659/Eiweiße.jpg]
[moodle-vhs.essen.de/mod/book/viewfe4b.html]
[moodle-vhs.essen.de/pluginfile.php/207142/mod_book/chapter/160655/Kalorienverbrauch Alltag pro 30min 2.jpg]
[moodle-vhs.essen.de/mod/book/viewd589.html]
[moodle-vhs.essen.de/pluginfile.php/207142/mod_book/chapter/160656/Ernährungskreis.jpg]
[moodle-vhs.essen.de/pluginfile.php/207142/mod_book/chapter/160656/Ernährungskreis vegan.jpg]
[moodle-vhs.essen.de/mod/book/viewb9fc.html]
[moodle-vhs.essen.de/pluginfile.php/207142/mod_book/chapter/160658/Sättigung.jpg]
[moodle-vhs.essen.de/mod/book/view1cbe.html]
[moodle-vhs.essen.de/pluginfile.php/207142/mod_book/chapter/160646/Weg der Nahrung 3.jpg]
[moodle-vhs.essen.de/mod/book/view31ea.html]
[moodle-vhs.essen.de/pluginfile.php/207142/mod_book/chapter/160647/Enzyme 3b.jpg]
[moodle-vhs.essen.de/mod/book/viewf079.html]
[moodle-vhs.essen.de/pluginfile.php/207142/mod_book/chapter/160648/Mund.jpg]
[moodle-vhs.essen.de/mod/book/view17c9.html]
[moodle-vhs.essen.de/pluginfile.php/207142/mod_book/chapter/160649/Magen.jpg]
[moodle-vhs.essen.de/mod/book/view55c2.html]
[moodle-vhs.essen.de/pluginfile.php/207142/mod_book/chapter/160650/image (1).png]
[moodle-vhs.essen.de/mod/book/viewf783.html]
[moodle-vhs.essen.de/pluginfile.php/207142/mod_book/chapter/160653/Oberflächenvergrößerung 2.jpg]
[moodle-vhs.essen.de/pluginfile.php/207142/mod_book/chapter/160653/Oberflächenvergrößerung.jpg]
[moodle-vhs.essen.de/mod/book/view3a34.html]
[moodle-vhs.essen.de/pluginfile.php/207142/mod_book/chapter/160651/Gallenblase.jpg]
[moodle-vhs.essen.de/mod/book/viewd179.html]
[moodle-vhs.essen.de/pluginfile.php/207142/mod_book/chapter/160651/Bauchspeicheldrüse.jpg]
[moodle-vhs.essen.de/pluginfile.php/207142/mod_book/chapter/160652/Dickdarm.jpg]
[moodle-vhs.essen.de/mod/book/viewc9a7.html]
[moodle-vhs.essen.de/mod/book/tool/print/index5ad1.html]
[moodle-vhs.essen.de/mod/book/tool/print/index63a0.html]
[moodle-vhs.essen.de/mod/book/view8193.html]
[moodle-vhs.essen.de/pluginfile.php/207098/mod_book/chapter/160517/grafik.png]
[moodle-vhs.essen.de/mod/book/view4bc5.html]
[moodle-vhs.essen.de/pluginfile.php/207098/mod_book/chapter/160516/grafik.png]
[moodle-vhs.essen.de/mod/book/viewfee2.html]
[moodle-vhs.essen.de/mod/book/view9e1d.html]
[moodle-vhs.essen.de/mod/book/tool/print/index5ac9.html]
[moodle-vhs.essen.de/mod/book/tool/print/indexfcf0.html]
[moodle-vhs.essen.de/pluginfile.php/207105/mod_book/chapter/160629/grafik.png]
[moodle-vhs.essen.de/mod/book/view658f.html]
[moodle-vhs.essen.de/pluginfile.php/207105/mod_book/chapter/160630/Züchtung Hund.jpg]
[moodle-vhs.essen.de/mod/book/viewcddc.html]
[moodle-vhs.essen.de/mod/book/viewd17c.html]
[moodle-vhs.essen.de/pluginfile.php/207105/mod_book/chapter/160731/grafik.png]
[moodle-vhs.essen.de/pluginfile.php/207105/mod_book/chapter/160731/grafik (1).png]
[moodle-vhs.essen.de/mod/book/viewc6c6.html]
[moodle-vhs.essen.de/pluginfile.php/207105/mod_book/chapter/160631/Körpersprache Wolf Hund.jpg]
[moodle-vhs.essen.de/mod/book/viewe8e9.html]
[moodle-vhs.essen.de/pluginfile.php/207105/mod_book/chapter/160632/Körpersprache Hund.png]
[moodle-vhs.essen.de/mod/book/view9f8d.html]
[moodle-vhs.essen.de/pluginfile.php/207105/mod_book/chapter/160580/Waldtiere.jpg]
[moodle-vhs.essen.de/mod/book/view3f2b.html]
[moodle-vhs.essen.de/pluginfile.php/207105/mod_book/chapter/160923/BAche mit Frischlingen.jpg]
[moodle-vhs.essen.de/pluginfile.php/207105/mod_book/chapter/160923/Gebiss und Beinskelett Wildschwein.jpg]
[moodle-vhs.essen.de/mod/book/viewd193.html]
[moodle-vhs.essen.de/pluginfile.php/207105/mod_book/chapter/160930/Schweinehaltung.jpg]
[moodle-vhs.essen.de/mod/book/viewe058.html]
[moodle-vhs.essen.de/mod/book/viewc9ad.html]
[moodle-vhs.essen.de/pluginfile.php/207105/mod_book/chapter/160581/Eichhörnchen.jpg]
[moodle-vhs.essen.de/pluginfile.php/207105/mod_book/chapter/160581/Skelett Eichhörnchen.jpg]
[moodle-vhs.essen.de/pluginfile.php/207105/mod_book/chapter/160581/Eichhörnchen Winter- Sommerfell.jpg]
[moodle-vhs.essen.de/pluginfile.php/207105/mod_book/chapter/160581/Eichhörnchenschädel.png]
[moodle-vhs.essen.de/pluginfile.php/207105/mod_book/chapter/160581/Jungeichhörnchen im Kobel 1.jpg]
[moodle-vhs.essen.de/mod/book/view519c.html]
[moodle-vhs.essen.de/pluginfile.php/207105/mod_book/chapter/160643/Kaninchen und Feldhase.jpg]
[moodle-vhs.essen.de/mod/book/viewa83b-2.html]
[moodle-vhs.essen.de/mod/book/view8810.html]
[moodle-vhs.essen.de/pluginfile.php/207105/mod_book/chapter/160985/39-entstehung-der-jahreszeiten.jpg]
[moodle-vhs.essen.de/mod/book/viewdf22.html]
[moodle-vhs.essen.de/pluginfile.php/207105/mod_book/chapter/160583/grafik.png]
[moodle-vhs.essen.de/mod/book/view5398.html]
[moodle-vhs.essen.de/pluginfile.php/207105/mod_book/chapter/160610/image (1).png]
[moodle-vhs.essen.de/pluginfile.php/207105/mod_book/chapter/160610/grafik.png]
[moodle-vhs.essen.de/mod/book/view4d81.html]
[moodle-vhs.essen.de/pluginfile.php/207105/mod_book/chapter/160611/image.png]
[moodle-vhs.essen.de/mod/book/view4be6.html]
[moodle-vhs.essen.de/pluginfile.php/207105/mod_book/chapter/160612/image (2).png]
[moodle-vhs.essen.de/mod/book/viewf872.html]
[moodle-vhs.essen.de/pluginfile.php/207105/mod_book/chapter/160986/grafik.png]
[moodle-vhs.essen.de/mod/book/viewbd31.html]
[moodle-vhs.essen.de/pluginfile.php/207105/mod_book/chapter/161295/grafik (2).png]
[moodle-vhs.essen.de/mod/book/viewfb3d.html]
[moodle-vhs.essen.de/pluginfile.php/207105/mod_book/chapter/160613/image (3).png]
[moodle-vhs.essen.de/mod/book/viewccfe.html]
[moodle-vhs.essen.de/pluginfile.php/207105/mod_book/chapter/160582/Nahrungskette.png]
[moodle-vhs.essen.de/pluginfile.php/207105/mod_book/chapter/160582/Stoffkreislauf.gif]
[moodle-vhs.essen.de/pluginfile.php/207105/mod_book/chapter/160582/Nahrungsnetz.png]
[moodle-vhs.essen.de/mod/book/viewd9a9.html]
[moodle-vhs.essen.de/pluginfile.php/207105/mod_book/chapter/160597/Nahrungsnetz Wald.jpg]
[moodle-vhs.essen.de/mod/book/viewb5b7.html]
[moodle-vhs.essen.de/pluginfile.php/207105/mod_book/chapter/160605/grafik.png]
[moodle-vhs.essen.de/mod/book/viewe7fc.html]
[moodle-vhs.essen.de/pluginfile.php/207105/mod_book/chapter/160588/grafik.png]
[moodle-vhs.essen.de/pluginfile.php/207105/mod_book/chapter/160588/grafik (1).png]
[moodle-vhs.essen.de/mod/book/viewa57a.html]
[moodle-vhs.essen.de/pluginfile.php/207105/mod_book/chapter/160620/Tier- vs Pflanzenzelle.jpg]
[moodle-vhs.essen.de/mod/book/viewe604.html]
[moodle-vhs.essen.de/pluginfile.php/207105/mod_book/chapter/160619/Pflanzenzellen.jpg]
[moodle-vhs.essen.de/pluginfile.php/207105/mod_book/chapter/160619/Tierzellen.jpg]
[moodle-vhs.essen.de/mod/book/viewc59e.html]
[moodle-vhs.essen.de/mod/book/tool/print/indexfe11.html]
[moodle-vhs.essen.de/mod/book/tool/print/index3a05.html]
[moodle-vhs.essen.de/pluginfile.php/207104/mod_book/chapter/160556/grafik.png]
[moodle-vhs.essen.de/pluginfile.php/207104/mod_book/chapter/160556/grafik (1).png]
[moodle-vhs.essen.de/mod/book/view878e.html]
